(9.txt,1),(24.txt,4),(14.txt,1),(10.txt,2),(25.txt,17),(11.txt,1),(20.txt,2),(16.txt,2),(13.txt,1),(23.txt,6),(22.txt,6),(21.txt,10),(19.txt,2),