(20.txt,1),(5.txt,1),(19.txt,1),